feb 03, 2026 7:08:18 P. M. auditoria.Auditoria_log registrar
INFO: Usuario: user | Accion: Se agrego la peli... Avatar 3 al archivo
feb 03, 2026 7:09:18 P. M. auditoria.Auditoria_log registrar
INFO: Usuario: user | Accion: Se agrego la peli... 50 sombras de grey} al archivo
feb 04, 2026 6:59:10 P. M. auditoria.Auditoria_log registrar
INFO: Usuario: User | Accion: Escogio la opcion de salir
feb 06, 2026 2:30:38 P. M. auditoria.Auditoria_log registrar
INFO: Usuario: user | Accion: Se agrego la peli... tarzan al archivo
feb 06, 2026 2:30:38 P. M. auditoria.Auditoria_log registrar
INFO: Usuario: User | Accion: Escogio la opcion de agregar peliculas
feb 06, 2026 2:30:42 P. M. auditoria.Auditoria_log registrar
INFO: Usuario: user | Accion: Listo las peliculas
feb 06, 2026 2:30:42 P. M. auditoria.Auditoria_log registrar
INFO: Usuario: User | Accion: Escogio la opcion de listar peliculas
feb 06, 2026 2:30:53 P. M. auditoria.Auditoria_log registrar
INFO: Usuario: User | Accion: Escogio la opcion de salir
feb 06, 2026 2:32:39 P. M. auditoria.Auditoria_log registrar
INFO: Usuario: user | Accion: Listo las peliculas
feb 06, 2026 2:32:39 P. M. auditoria.Auditoria_log registrar
INFO: Usuario: User | Accion: Escogio la opcion de listar peliculas
feb 06, 2026 2:32:50 P. M. auditoria.Auditoria_log registrar
INFO: Usuario: User | Accion: ELIMINO LA PELICULA: pixeles
feb 06, 2026 2:32:58 P. M. auditoria.Auditoria_log registrar
INFO: Usuario: user | Accion: Listo las peliculas
feb 06, 2026 2:32:58 P. M. auditoria.Auditoria_log registrar
INFO: Usuario: User | Accion: Escogio la opcion de listar peliculas
feb 06, 2026 2:33:04 P. M. auditoria.Auditoria_log registrar
INFO: Usuario: User | Accion: Escogio la opcion de salir
feb 09, 2026 11:07:20 P. M. auditoria.Auditoria_log registrar
INFO: Usuario: user | Accion: Se agrego la peli... Godzilla al archivo
feb 09, 2026 11:07:20 P. M. auditoria.Auditoria_log registrar
INFO: Usuario: User | Accion: Escogio la opcion de agregar peliculas
feb 09, 2026 11:07:30 P. M. auditoria.Auditoria_log registrar
INFO: Usuario: user | Accion: Se agrego la peli... Godzilla 2 al archivo
feb 09, 2026 11:07:30 P. M. auditoria.Auditoria_log registrar
INFO: Usuario: User | Accion: Escogio la opcion de agregar peliculas
feb 09, 2026 11:07:33 P. M. auditoria.Auditoria_log registrar
INFO: Usuario: user | Accion: Listo las peliculas
feb 09, 2026 11:07:33 P. M. auditoria.Auditoria_log registrar
INFO: Usuario: User | Accion: Escogio la opcion de listar peliculas
feb 09, 2026 11:07:39 P. M. auditoria.Auditoria_log registrar
INFO: Usuario: User | Accion: Escogio la opcion de buscar pelicula
feb 09, 2026 11:07:49 P. M. auditoria.Auditoria_log registrar
INFO: Usuario: User | Accion: ELIMINO LA PELICULA: Godzilla
feb 09, 2026 11:07:49 P. M. auditoria.Auditoria_log registrar
INFO: Usuario: User | Accion: Escogio la opcion de eliminar peliculas
feb 09, 2026 11:07:50 P. M. auditoria.Auditoria_log registrar
INFO: Usuario: user | Accion: Listo las peliculas
feb 09, 2026 11:07:50 P. M. auditoria.Auditoria_log registrar
INFO: Usuario: User | Accion: Escogio la opcion de listar peliculas
feb 09, 2026 11:08:05 P. M. auditoria.Auditoria_log registrar
INFO: Usuario: User | Accion: Escogio la opcion de salir
